[backblue.gif]
[fade.gif]
[index.html]
[deltasoftwaresolutions.net/wp-content/uploads/2023/06/Delta_Software_Solutions_Logo-IOS.png]
[deltasoftwaresolutions.net/wp-content/uploads/2017/03/cropped-DSS-logo-2-32x32.png]
[deltasoftwaresolutions.net/wp-content/uploads/2017/03/cropped-DSS-logo-2-192x192.png]
[deltasoftwaresolutions.net/wp-content/uploads/2017/03/cropped-DSS-logo-2-180x180.png]
[deltasoftwaresolutions.net/wp-content/uploads/2014/04/Delta_logo_.png]
[deltasoftwaresolutions.net/wp-content/uploads/2014/04/teaser-1-526x350.jpg]
[deltasoftwaresolutions.net/wp-content/uploads/2014/04/blog-2-526x350.jpg]
[deltasoftwaresolutions.net/wp-content/uploads/2014/04/teaser-3-526x350.jpg]
[deltasoftwaresolutions.net/careers/index.html]
[deltasoftwaresolutions.net/wp-content/plugins/layerslider/assets/static/layerslider/img/icon-muted-white.png]
[deltasoftwaresolutions.net/wp-content/plugins/layerslider/assets/static/layerslider/img/icon-unmuted-white.png]
[deltasoftwaresolutions.net/wp-content/plugins/layerslider/assets/static/layerslider/css/layerslider27b2.css]
[deltasoftwaresolutions.net/wp-includes/css/dist/block-library/style.min1e39.css]
[deltasoftwaresolutions.net/wp-content/plugins/contact-form-7/includes/css/stylescfaa.css]
[deltasoftwaresolutions.net/wp-content/plugins/essential-grid/public/assets/images/ajax-loader.gif]
[deltasoftwaresolutions.net/wp-content/plugins/essential-grid/public/assets/images/loader.gif]
[deltasoftwaresolutions.net/wp-content/plugins/essential-grid/public/assets/css/settingsb12b.css]
[deltasoftwaresolutions.net/wp-content/plugins/essential-grid/public/assets/font/fontello/css/fontellob12b.css]
[deltasoftwaresolutions.net/wp-content/themes/HighendWP/assets/images/select-icon.png]
[deltasoftwaresolutions.net/wp-content/themes/HighendWP/assets/images/loader.gif]
[deltasoftwaresolutions.net/wp-content/themes/HighendWP/assets/images/plus-icon.png]
[deltasoftwaresolutions.net/wp-content/themes/HighendWP/assets/images/plus.png]
[deltasoftwaresolutions.net/wp-content/themes/HighendWP/assets/images/prettyPhoto/default/default_thumb.png]
[deltasoftwaresolutions.net/wp-content/themes/HighendWP/assets/images/prettyPhoto/default/sprite.png]
[deltasoftwaresolutions.net/wp-content/themes/HighendWP/assets/images/prettyPhoto/default/loader.gif]
[deltasoftwaresolutions.net/wp-content/themes/HighendWP/assets/images/preloader.gif]
[deltasoftwaresolutions.net/wp-content/themes/HighendWP/stylef3c8.css]
[deltasoftwaresolutions.net/wp-content/themes/HighendWP/assets/css/responsivef3c8.css]
[deltasoftwaresolutions.net/wp-content/themes/HighendWP/assets/css/iconsf3c8.css]
[deltasoftwaresolutions.net/wp-content/uploads/2019/10/TSC.png]
[deltasoftwaresolutions.net/wp-content/uploads/highend/dynamic-styles078b.css]
[deltasoftwaresolutions.net/wp-content/plugins/js_composer/assets/vc/alert.png]
[deltasoftwaresolutions.net/wp-content/plugins/js_composer/assets/vc/info.png]
[deltasoftwaresolutions.net/wp-content/plugins/js_composer/assets/vc/tick.png]
[deltasoftwaresolutions.net/wp-content/plugins/js_composer/assets/vc/exclamation.png]
[deltasoftwaresolutions.net/wp-content/plugins/js_composer/assets/images/icons/address-book.png]
[deltasoftwaresolutions.net/wp-content/plugins/js_composer/assets/images/icons/alarm-clock.png]
[deltasoftwaresolutions.net/wp-content/plugins/js_composer/assets/images/icons/anchor.png]
[deltasoftwaresolutions.net/wp-content/plugins/js_composer/assets/images/icons/application-image.png]
[deltasoftwaresolutions.net/wp-content/plugins/js_composer/assets/images/icons/arrow.png]
[deltasoftwaresolutions.net/wp-content/plugins/js_composer/assets/images/icons/asterisk.png]
[deltasoftwaresolutions.net/wp-content/plugins/js_composer/assets/images/icons/auction-hammer.png]
[deltasoftwaresolutions.net/wp-content/plugins/js_composer/assets/images/icons/balloon.png]
[deltasoftwaresolutions.net/wp-content/plugins/js_composer/assets/images/icons/balloon-buzz.png]
[deltasoftwaresolutions.net/wp-content/plugins/js_composer/assets/images/icons/balloon-facebook.png]
[deltasoftwaresolutions.net/wp-content/plugins/js_composer/assets/images/icons/balloon-twitter.png]
[deltasoftwaresolutions.net/wp-content/plugins/js_composer/assets/images/icons/battery-full.png]
[deltasoftwaresolutions.net/wp-content/plugins/js_composer/assets/images/icons/binocular.png]
[deltasoftwaresolutions.net/wp-content/plugins/js_composer/assets/images/icons/blue-document-excel.png]
[deltasoftwaresolutions.net/wp-content/plugins/js_composer/assets/images/icons/blue-document-image.png]
[deltasoftwaresolutions.net/wp-content/plugins/js_composer/assets/images/icons/blue-document-music.png]
[deltasoftwaresolutions.net/wp-content/plugins/js_composer/assets/images/icons/blue-document-office.png]
[deltasoftwaresolutions.net/wp-content/plugins/js_composer/assets/images/icons/blue-document-pdf.png]
[deltasoftwaresolutions.net/wp-content/plugins/js_composer/assets/images/icons/blue-document-powerpoint.png]
[deltasoftwaresolutions.net/wp-content/plugins/js_composer/assets/images/icons/blue-document-word.png]
[deltasoftwaresolutions.net/wp-content/plugins/js_composer/assets/images/icons/bookmark.png]
[deltasoftwaresolutions.net/wp-content/plugins/js_composer/assets/images/icons/camcorder.png]
[deltasoftwaresolutions.net/wp-content/plugins/js_composer/assets/images/icons/camera.png]
[deltasoftwaresolutions.net/wp-content/plugins/js_composer/assets/images/icons/chart.png]
[deltasoftwaresolutions.net/wp-content/plugins/js_composer/assets/images/icons/chart-pie.png]
[deltasoftwaresolutions.net/wp-content/plugins/js_composer/assets/images/icons/clock.png]
[deltasoftwaresolutions.net/wp-content/plugins/js_composer/assets/images/icons/control.png]
[deltasoftwaresolutions.net/wp-content/plugins/js_composer/assets/images/icons/fire.png]
[deltasoftwaresolutions.net/wp-content/plugins/js_composer/assets/images/icons/heart.png]
[deltasoftwaresolutions.net/wp-content/plugins/js_composer/assets/images/icons/mail.png]
[deltasoftwaresolutions.net/wp-content/plugins/js_composer/assets/images/icons/plus-shield.png]
[deltasoftwaresolutions.net/wp-content/plugins/js_composer/assets/images/icons/video.png]
[deltasoftwaresolutions.net/wp-content/plugins/js_composer/assets/images/toggle_open.png]
[deltasoftwaresolutions.net/wp-content/plugins/js_composer/assets/images/toggle_close.png]
[deltasoftwaresolutions.net/wp-content/plugins/js_composer/assets/images/flickr.png]
[deltasoftwaresolutions.net/wp-content/plugins/js_composer/assets/images/spinner.gif]
[deltasoftwaresolutions.net/wp-content/plugins/js_composer/assets/vc/remove.png]
[deltasoftwaresolutions.net/wp-content/plugins/js_composer/assets/css/js_composer.min96c0.css]
[deltasoftwaresolutions.net/wp-includes/js/jquery/jquery.minf43b.js]
[deltasoftwaresolutions.net/wp-includes/js/jquery/jquery-migrate.min5589.js]
[deltasoftwaresolutions.net/wp-content/plugins/layerslider/assets/static/layerslider/js/layerslider.utils27b2.js]
[deltasoftwaresolutions.net/wp-content/plugins/layerslider/assets/static/layerslider/js/layerslider.kreaturamedia.jquery27b2.js]
[deltasoftwaresolutions.net/wp-content/plugins/layerslider/assets/static/layerslider/js/layerslider.transitions27b2.js]
[deltasoftwaresolutions.net/wp-content/plugins/revslider/public/assets/js/rbtools.minec8f.js]
[deltasoftwaresolutions.net/wp-content/plugins/revslider/public/assets/js/rs6.minec8f.js]
[deltasoftwaresolutions.net/wp-content/plugins/js_composer/assets/lib/bower/animate-css/animate.min96c0.css]
[player.vimeo.com/api/player.js]
[deltasoftwaresolutions.net/wp-content/plugins/revslider/public/assets/assets/gridtile.png]
[deltasoftwaresolutions.net/wp-content/plugins/revslider/public/assets/assets/gridtile_white.png]
[deltasoftwaresolutions.net/wp-content/plugins/revslider/public/assets/assets/gridtile_3x3.png]
[deltasoftwaresolutions.net/wp-content/plugins/revslider/public/assets/assets/gridtile_3x3_white.png]
[deltasoftwaresolutions.net/wp-content/plugins/revslider/public/assets/assets/coloredbg.png]
[deltasoftwaresolutions.net/wp-content/plugins/revslider/public/assets/assets/loader.gif]
[deltasoftwaresolutions.net/wp-content/plugins/revslider/public/assets/css/rs6ec8f.css]
[deltasoftwaresolutions.net/wp-content/plugins/contact-form-7/includes/swv/js/indexcfaa.js]
[deltasoftwaresolutions.net/wp-content/plugins/contact-form-7/includes/js/indexcfaa.js]
[deltasoftwaresolutions.net/wp-content/plugins/wp-meta-and-date-remover/assets/js/inspector5152.js]
[deltasoftwaresolutions.net/wp-content/themes/HighendWP/assets/js/scriptsf3c8.js]
[deltasoftwaresolutions.net/wp-content/themes/HighendWP/assets/js/jquery.prettyPhotof3c8.js]
[deltasoftwaresolutions.net/wp-content/themes/HighendWP/assets/js/jquery.pace14c1.js]
[deltasoftwaresolutions.net/wp-content/themes/HighendWP/assets/js/jquery.flexsliderf3c8.js]
[deltasoftwaresolutions.net/wp-content/themes/HighendWP/assets/js/jquery.validatef3c8.js]
[deltasoftwaresolutions.net/wp-content/themes/HighendWP/assets/js/responsivecarousel.minf3c8.js]
[deltasoftwaresolutions.net/wp-content/themes/HighendWP/assets/js/jquery.owl.carousel.minf3c8.js]
[deltasoftwaresolutions.net/wp-includes/js/jquery/ui/core.min3f14.js]
[deltasoftwaresolutions.net/wp-includes/js/jquery/ui/menu.min3f14.js]
[deltasoftwaresolutions.net/wp-includes/js/dist/vendor/wp-polyfill-inert.min0226.js]
[deltasoftwaresolutions.net/wp-includes/js/dist/vendor/regenerator-runtime.min6c85.js]
[deltasoftwaresolutions.net/wp-includes/js/dist/vendor/wp-polyfill.min2c7c.js]
[deltasoftwaresolutions.net/wp-includes/js/dist/dom-ready.minded6.js]
[deltasoftwaresolutions.net/wp-includes/js/dist/hooks.min2ebd.js]
[deltasoftwaresolutions.net/wp-includes/js/dist/i18n.minf92f.js]
[deltasoftwaresolutions.net/wp-includes/js/dist/a11y.min866e.js]
[deltasoftwaresolutions.net/wp-includes/js/jquery/ui/autocomplete.min3f14.js]
[deltasoftwaresolutions.net/wp-content/themes/HighendWP/assets/js/jquery.customf3c8.js]
[apis.google.com/js/plusone.js]
[assets.pinterest.com/js/pinit.js]
[deltasoftwaresolutions.net/wp-content/plugins/js_composer/assets/js/dist/js_composer_front.min96c0.js]
[deltasoftwaresolutions.net/wp-content/plugins/js_composer/assets/lib/vc_waypoints/vc-waypoints.min96c0.js]
[deltasoftwaresolutions.net/wp-content/themes/assets/images/AjaxLoader.html]
[deltasoftwaresolutions.net/wp-content/themes/HighendWP/assets/images/plus.html]
[deltasoftwaresolutions.net/wp-content/themes/HighendWP/assets/images/prettyPhoto/facebook/default_thumbnail.html]
[deltasoftwaresolutions.net/wp-content/themes/HighendWP/assets/images/prettyPhoto/light_rounded/loader.html]
[deltasoftwaresolutions.net/wp-content/themes/HighendWP/assets/images/prettyPhoto/dark_rounded/contentPattern.html]
[deltasoftwaresolutions.net/wp-content/themes/HighendWP/assets/css/icons/fontawesome-webfont.html]
[deltasoftwaresolutions.net/wp-content/themes/HighendWP/assets/css/icons/fontawesome-webfontd41d.html]
[deltasoftwaresolutions.net/wp-content/themes/HighendWP/assets/css/icons/fontawesome-webfont-2.html]
[deltasoftwaresolutions.net/wp-content/themes/HighendWP/assets/css/icons/fontawesome-webfont-3.html]
[deltasoftwaresolutions.net/wp-content/themes/HighendWP/assets/css/icons/fontawesome-webfont-4.html]
[deltasoftwaresolutions.net/wp-content/themes/HighendWP/assets/css/icons/fontawesome-webfont.svg]
[deltasoftwaresolutions.net/wp-content/themes/HighendWP/assets/css/icons/Icomoon.html]
[deltasoftwaresolutions.net/wp-content/themes/HighendWP/assets/css/icons/Icomoond41d.html]
[deltasoftwaresolutions.net/wp-content/themes/HighendWP/assets/css/icons/Icomoon-2.html]
[deltasoftwaresolutions.net/wp-content/themes/HighendWP/assets/css/icons/Icomoon-3.html]
[deltasoftwaresolutions.net/wp-content/themes/HighendWP/assets/css/icons/Icomoon-4.html]
[deltasoftwaresolutions.net/wp-content/themes/HighendWP/assets/css/icons/Icomoon.svg]
[deltasoftwaresolutions.net/wp-content/themes/HighendWP/assets/css/icons/hbiconsd41d.html]
[deltasoftwaresolutions.net/wp-content/themes/HighendWP/assets/css/icons/hbicons.html]
[deltasoftwaresolutions.net/wp-content/themes/HighendWP/assets/css/icons/hbicons.svg]
[deltasoftwaresolutions.net/careers/Version/index.html]
[deltasoftwaresolutions.net/careers/mqdefault.html]
[deltasoftwaresolutions.net/careers/hqdefault.html]
[deltasoftwaresolutions.net/careers/sddefault.html]
[deltasoftwaresolutions.net/careers/embed/index.html]
[deltasoftwaresolutions.net/careers/video/index.html]
[deltasoftwaresolutions.net/careers/Find updates and docs @ https_/layerslider.com/index.html]
[deltasoftwaresolutions.net/careers/dummy.html]
[deltasoftwaresolutions.net/careers/origin=https_/index.html]
[deltasoftwaresolutions.net/wp-content/plugins/revslider/public/assets/css/openhand.html]
[deltasoftwaresolutions.net/wp-content/plugins/revslider/public/assets/css/closedhand.html]
[deltasoftwaresolutions.net/careers/youtu.be/index.html]
